---
source: crates/biome_cli/tests/snap_test.rs
expression: content
---
## `biome.json`

```json
{ "linter": { "enabled": true } }
```

## `.eslintrc.json`

```json
{
        "extends": ["eslint:recommended", "plugin:@typescript-eslint/recommended"],
        "rules": {
            // Overrides recommended
            "eqeqeq": "off"
        },
    }
```

# Emitted Messages

```block
biome.json migrate ━━━━━━━━━━━━━━━━━━━━━━━━━━━━━━━━━━━━━━━━━━━━━━━━━━━━━━━━━━━━━━━━━━━━━━━━━━━━━━━━━

  i Configuration file can be updated.
  
    1    │ - {·"linter":·{·"enabled":·true·}·}
       1 │ + {
       2 │ + → "linter":·{
       3 │ + → → "enabled":·true,
       4 │ + → → "rules":·{
       5 │ + → → → "complexity":·{
       6 │ + → → → → "noBannedTypes":·"error",
       7 │ + → → → → "noExtraBooleanCast":·"error",
       8 │ + → → → → "noMultipleSpacesInRegularExpressionLiterals":·"error",
       9 │ + → → → → "noUselessCatch":·"error",
      10 │ + → → → → "noWith":·"error"
      11 │ + → → → },
      12 │ + → → → "correctness":·{
      13 │ + → → → → "noConstAssign":·"error",
      14 │ + → → → → "noConstantCondition":·"error",
      15 │ + → → → → "noEmptyCharacterClassInRegex":·"error",
      16 │ + → → → → "noEmptyPattern":·"error",
      17 │ + → → → → "noGlobalObjectCalls":·"error",
      18 │ + → → → → "noInvalidConstructorSuper":·"error",
      19 │ + → → → → "noInvalidNewBuiltin":·"error",
      20 │ + → → → → "noNonoctalDecimalEscape":·"error",
      21 │ + → → → → "noPrecisionLoss":·"error",
      22 │ + → → → → "noSelfAssign":·"error",
      23 │ + → → → → "noSetterReturn":·"error",
      24 │ + → → → → "noSwitchDeclarations":·"error",
      25 │ + → → → → "noUndeclaredVariables":·"error",
      26 │ + → → → → "noUnreachable":·"error",
      27 │ + → → → → "noUnreachableSuper":·"error",
      28 │ + → → → → "noUnsafeFinally":·"error",
      29 │ + → → → → "noUnsafeOptionalChaining":·"error",
      30 │ + → → → → "noUnusedLabels":·"error",
      31 │ + → → → → "noUnusedPrivateClassMembers":·"error",
      32 │ + → → → → "noUnusedVariables":·"error",
      33 │ + → → → → "useIsNan":·"error",
      34 │ + → → → → "useValidForDirection":·"error",
      35 │ + → → → → "useYield":·"error"
      36 │ + → → → },
      37 │ + → → → "style":·{·"noNamespace":·"error"·},
      38 │ + → → → "suspicious":·{
      39 │ + → → → → "noAsyncPromiseExecutor":·"error",
      40 │ + → → → → "noCatchAssign":·"error",
      41 │ + → → → → "noClassAssign":·"error",
      42 │ + → → → → "noCompareNegZero":·"error",
      43 │ + → → → → "noControlCharactersInRegex":·"error",
      44 │ + → → → → "noDebugger":·"error",
      45 │ + → → → → "noDoubleEquals":·"off",
      46 │ + → → → → "noDuplicateCase":·"error",
      47 │ + → → → → "noDuplicateClassMembers":·"error",
      48 │ + → → → → "noDuplicateObjectKeys":·"error",
      49 │ + → → → → "noDuplicateParameters":·"error",
      50 │ + → → → → "noEmptyBlockStatements":·"error",
      51 │ + → → → → "noExplicitAny":·"error",
      52 │ + → → → → "noExtraNonNullAssertion":·"error",
      53 │ + → → → → "noFallthroughSwitchClause":·"error",
      54 │ + → → → → "noFunctionAssign":·"error",
      55 │ + → → → → "noGlobalAssign":·"error",
      56 │ + → → → → "noImportAssign":·"error",
      57 │ + → → → → "noMisleadingCharacterClass":·"error",
      58 │ + → → → → "noMisleadingInstantiator":·"error",
      59 │ + → → → → "noPrototypeBuiltins":·"error",
      60 │ + → → → → "noShadowRestrictedNames":·"error",
      61 │ + → → → → "noUnsafeDeclarationMerging":·"error",
      62 │ + → → → → "noUnsafeNegation":·"error",
      63 │ + → → → → "useGetterReturn":·"error",
      64 │ + → → → → "useValidTypeof":·"error"
      65 │ + → → → }
      66 │ + → → }
      67 │ + → }
      68 │ + }
      69 │ + 
  

```

```block
Run the command with the option --write to apply the changes.
```

```block
Run the command with the option --include-inspired to also migrate inspired rules.
```
